[?2026$p[?2027$p[>4m[=0;1u[?1049h[?25l[?2004h[?1002h[?1006h[>4;2m[=1;1u[?u[H[2J
 products     users[71X[2;91Hteatest.db
━━━━━━━━━━━━━━━━━━━━━━━━━━━━━━━━━━━━━━━━━━━━━━━━━━━━━━━━━━━━━━━━━━━━━━━━━━━━━━━━━━━━━━━━━━━━━━━━━━━━
id[29X[4;32H │ title[27X[4;67H │ price[K
────────────────────────────────┼──────────────────────────────────┼────────────────────────────────
1[30X[6;32H │ Widget[26X[6;67H │ [27X				9.99
2[30X[7;32H │ Gadget[26X[7;67H │ [27X				24.5
3[30X[8;32H │ Doohickey[23X[8;67H │ [27X				3.75
3 rows[30d  NAV    ·  i  edit ·  v  visual ·  /  ·  s  ·  SPACE  ·  f  ·  ↵  ·  c  ·  r  ·  t  ·  ?  help[>4m[=0;1u[?1049l[?25h[?2004l[?1002l[?1003l[?1006l